Directory created: .git
Directory created: .git/objects
Directory created: .git/refs
Directory created: .git/refs/branches
Server started...
Main_Server: Expecting 16520 bytes for file Client. Initial data: 16520 bytes
Main_Server: Finished receiving 16520 bytes. Starting SHA-1 hash...
Main_Server: Hashed 0 MB...
Main_Server: SHA1 complete: 18bab26179fe6ba2855ab6bf5e3451f033c0a6a2
Main_Server: Expecting 9114 bytes for file Client.c. Initial data: 9114 bytes
Main_Server: Finished receiving 9114 bytes. Starting SHA-1 hash...
Main_Server: Hashed 0 MB...
Main_Server: SHA1 complete: b916578a5708fd8d008cae3440d07147e8c78977
Main_Server: Expecting 26720 bytes for file Main_Server. Initial data: 26720 bytes
Main_Server: Finished receiving 26720 bytes. Starting SHA-1 hash...
Main_Server: Hashed 0 MB...
Main_Server: SHA1 complete: b99eca711f491ff7b29f0ed8fafd0c31321110bf
Main_Server: Expecting 12974 bytes for file Main_Server.c. Initial data: 12974 bytes
Main_Server: Finished receiving 12974 bytes. Starting SHA-1 hash...
Main_Server: Hashed 0 MB...
Main_Server: SHA1 complete: 9958c59aa009df8710a3ebe0f1597419be9aef1b
Main_Server: Expecting 27592 bytes for file ProxyServer. Initial data: 27592 bytes
Main_Server: Finished receiving 27592 bytes. Starting SHA-1 hash...
Main_Server: Hashed 0 MB...
Main_Server: SHA1 complete: 37c24bf48b25e67dfe0f1bc634095337ccac5c13
Main_Server: Expecting 15872 bytes for file ProxyServer.c. Initial data: 15872 bytes
Main_Server: Finished receiving 15872 bytes. Starting SHA-1 hash...
Main_Server: Hashed 0 MB...
Main_Server: SHA1 complete: af80a947d2dec993cf3c333467612be8504c69fd
Main_Server: Expecting 867 bytes for file README.md. Initial data: 867 bytes
Main_Server: Finished receiving 867 bytes. Starting SHA-1 hash...
Main_Server: Hashed 0 MB...
Main_Server: SHA1 complete: f3994e3497c4a5d6ef8397a50007cc4a23d04887
Main_Server: Expecting 10442 bytes for file cli.c. Initial data: 10442 bytes
Main_Server: Finished receiving 10442 bytes. Starting SHA-1 hash...
Main_Server: Hashed 0 MB...
Main_Server: SHA1 complete: 457fdbf76113cec8a4aafd43d8c59f0d4755e1ca
Main_Server: Expecting 729 bytes for file config.h. Initial data: 0 bytes
Main_Server: Finished receiving 729 bytes. Starting SHA-1 hash...
Main_Server: Hashed 0 MB...
Main_Server: SHA1 complete: b919106fab739652a862b31707132aecca9cd779
Main_Server: Expecting 2341 bytes for file main_server.log. Initial data: 0 bytes
Main_Server: Finished receiving 2341 bytes. Starting SHA-1 hash...
Main_Server: Hashed 0 MB...
Main_Server: SHA1 complete: 0588f227f9e2721e6ea917567c7f1eb03450d321
Main_Server: Expecting 3394 bytes for file proxy_server.log. Initial data: 0 bytes
Main_Server: Finished receiving 3394 bytes. Starting SHA-1 hash...
Main_Server: Hashed 0 MB...
Main_Server: SHA1 complete: 20eef0541ba819538a1e427acceb9c9d8cad4692
Main_Server: Expecting 1927 bytes for file test_e2e.sh. Initial data: 0 bytes
Main_Server: Finished receiving 1927 bytes. Starting SHA-1 hash...
Main_Server: Hashed 0 MB...
Main_Server: SHA1 complete: aa212036ce08dd2968ddff5f8bf60118feb8354f
Main_Server: Expecting 2782 bytes for file test_massive.sh. Initial data: 0 bytes
Main_Server: Finished receiving 2782 bytes. Starting SHA-1 hash...
Main_Server: Hashed 0 MB...
Main_Server: SHA1 complete: ccdef92eb2ab3ee7566df8ab0282395dc2495bad
